<area shape="rect" href="$config_8h.html" title="config.h" alt="" coords="220,80,289,107">
<area shape="rect" href="$ushell__task_8h.html" title="ushell_task.h" alt="" coords="317,80,416,107">
<area shape="rect" href="$ascii_8h.html" title="ascii.h" alt="" coords="440,80,499,107">
<area shape="rect" href="$uart__lib_8h.html" title="uart/uart_lib.h" alt="" coords="523,80,627,107">
<area shape="rect" href="$mc__interface_8h.html" title="mc_interface.h" alt="" coords="651,80,760,107">
<area shape="rect" href="$mc__drv_8h.html" title="mc_drv.h" alt="" coords="784,80,861,107">
<area shape="rect" href="$compiler_8h.html" title="compiler.h" alt="" coords="5,155,88,181">
<area shape="rect" href="$config__motor_8h.html" title="config_motor.h" alt="" coords="309,155,419,181">
<area shape="rect" title=",v" alt="" coords="443,155,504,181">
<area shape="rect" href="$uart__drv_8h.html" title=",v" alt="" coords="531,155,613,181">
<area shape="rect" href="$uart__bdr_8h.html" title=",v" alt="" coords="637,155,747,181">
