Archive member included because of file (symbol)

c:/winavr-20100110/bin/../lib/gcc/avr/4.3.3/avr5\libgcc.a(_divmodsi4.o)
                              mc_drv.o (__divmodsi4)
c:/winavr-20100110/bin/../lib/gcc/avr/4.3.3/avr5\libgcc.a(_exit.o)
                              c:/winavr-20100110/bin/../lib/gcc/avr/4.3.3/../../../../avr/lib/avr5/crtm32m1.o (exit)
c:/winavr-20100110/bin/../lib/gcc/avr/4.3.3/avr5\libgcc.a(_copy_data.o)
                              mc_drv.o (__do_copy_data)
c:/winavr-20100110/bin/../lib/gcc/avr/4.3.3/avr5\libgcc.a(_clear_bss.o)
                              main.o (__do_clear_bss)
c:/winavr-20100110/bin/../lib/gcc/avr/4.3.3/avr5\libgcc.a(_udivmodsi4.o)
                              c:/winavr-20100110/bin/../lib/gcc/avr/4.3.3/avr5\libgcc.a(_divmodsi4.o) (__udivmodsi4)
c:/winavr-20100110/bin/../lib/gcc/avr/4.3.3/../../../../avr/lib/avr5\libc.a(printf.o)
                              ushell_task.o (printf)
c:/winavr-20100110/bin/../lib/gcc/avr/4.3.3/../../../../avr/lib/avr5\libc.a(vfprintf_std.o)
                              c:/winavr-20100110/bin/../lib/gcc/avr/4.3.3/../../../../avr/lib/avr5\libc.a(printf.o) (vfprintf)
c:/winavr-20100110/bin/../lib/gcc/avr/4.3.3/../../../../avr/lib/avr5\libc.a(strnlen_P.o)
                              c:/winavr-20100110/bin/../lib/gcc/avr/4.3.3/../../../../avr/lib/avr5\libc.a(vfprintf_std.o) (strnlen_P)
c:/winavr-20100110/bin/../lib/gcc/avr/4.3.3/../../../../avr/lib/avr5\libc.a(strnlen.o)
                              c:/winavr-20100110/bin/../lib/gcc/avr/4.3.3/../../../../avr/lib/avr5\libc.a(vfprintf_std.o) (strnlen)
c:/winavr-20100110/bin/../lib/gcc/avr/4.3.3/../../../../avr/lib/avr5\libc.a(fputc.o)
                              c:/winavr-20100110/bin/../lib/gcc/avr/4.3.3/../../../../avr/lib/avr5\libc.a(vfprintf_std.o) (fputc)
c:/winavr-20100110/bin/../lib/gcc/avr/4.3.3/../../../../avr/lib/avr5\libc.a(iob.o)
                              c:/winavr-20100110/bin/../lib/gcc/avr/4.3.3/../../../../avr/lib/avr5\libc.a(printf.o) (__iob)
c:/winavr-20100110/bin/../lib/gcc/avr/4.3.3/../../../../avr/lib/avr5\libc.a(ultoa_invert.o)
                              c:/winavr-20100110/bin/../lib/gcc/avr/4.3.3/../../../../avr/lib/avr5\libc.a(vfprintf_std.o) (__ultoa_invert)
c:/winavr-20100110/bin/../lib/gcc/avr/4.3.3/avr5\libgcc.a(_prologue.o)
                              c:/winavr-20100110/bin/../lib/gcc/avr/4.3.3/../../../../avr/lib/avr5\libc.a(printf.o) (__prologue_saves__)
c:/winavr-20100110/bin/../lib/gcc/avr/4.3.3/avr5\libgcc.a(_epilogue.o)
                              c:/winavr-20100110/bin/../lib/gcc/avr/4.3.3/../../../../avr/lib/avr5\libc.a(printf.o) (__epilogue_restores__)

Allocating common symbols
Common symbol       size              file

__iob               0x6               c:/winavr-20100110/bin/../lib/gcc/avr/4.3.3/../../../../avr/lib/avr5\libc.a(iob.o)

Discarded input sections

 .data          0x00000000        0x0 c:/winavr-20100110/bin/../lib/gcc/avr/4.3.3/../../../../avr/lib/avr5/crtm32m1.o
 .bss           0x00000000        0x0 c:/winavr-20100110/bin/../lib/gcc/avr/4.3.3/../../../../avr/lib/avr5/crtm32m1.o
 .text          0x00000000        0x0 ascii.o
 .data          0x00000000        0x0 ascii.o
 .bss           0x00000000        0x0 ascii.o
 .text          0x00000000        0x0 main.o
 .data          0x00000000        0x0 main.o
 .bss           0x00000000        0x0 main.o
 .bss.motor_speed
                0x00000000        0x0 main.o
 .text          0x00000000        0x0 mc_control.o
 .data          0x00000000        0x0 mc_control.o
 .bss           0x00000000        0x0 mc_control.o
 .text.mc_set_open_loop
                0x00000000        0x0 mc_control.o
 .text.mc_set_current_loop
                0x00000000        0x0 mc_control.o
 .bss.last_speed_error
                0x00000000        0x0 mc_control.o
 .bss.speed_derivative
                0x00000000        0x0 mc_control.o
 .bss.speed_der
                0x00000000        0x0 mc_control.o
 .bss.last_cur_error
                0x00000000        0x0 mc_control.o
 .bss.cur_derivative
                0x00000000        0x0 mc_control.o
 .bss.cur_der   0x00000000        0x0 mc_control.o
 .text          0x00000000        0x0 mc_drv.o
 .data          0x00000000        0x0 mc_drv.o
 .bss           0x00000000        0x0 mc_drv.o
 .text.mc_init_timer0
                0x00000000        0x0 mc_drv.o
 .data.count    0x00000000        0x0 mc_drv.o
 .bss.average   0x00000000        0x0 mc_drv.o
 .bss.current_EOC
                0x00000000        0x0 mc_drv.o
 .text          0x00000000        0x0 mc_interface.o
 .data          0x00000000        0x0 mc_interface.o
 .bss           0x00000000        0x0 mc_interface.o
 .text          0x00000000        0x0 ushell_task.o
 .bss           0x00000000        0x0 ushell_task.o
 .text.mystrncmp
                0x00000000        0x0 ushell_task.o
 .text.convert_param2
                0x00000000        0x0 ushell_task.o
 .bss.param2    0x00000000        0x0 ushell_task.o
 .text          0x00000000        0x0 uart/uart_lib.o
 .data          0x00000000        0x0 uart/uart_lib.o
 .bss           0x00000000        0x0 uart/uart_lib.o
 .text          0x00000000        0x0 c:/winavr-20100110/bin/../lib/gcc/avr/4.3.3/avr5\libgcc.a(_divmodsi4.o)
 .data          0x00000000        0x0 c:/winavr-20100110/bin/../lib/gcc/avr/4.3.3/avr5\libgcc.a(_divmodsi4.o)
 .bss           0x00000000        0x0 c:/winavr-20100110/bin/../lib/gcc/avr/4.3.3/avr5\libgcc.a(_divmodsi4.o)
 .text          0x00000000        0x0 c:/winavr-20100110/bin/../lib/gcc/avr/4.3.3/avr5\libgcc.a(_exit.o)
 .data          0x00000000        0x0 c:/winavr-20100110/bin/../lib/gcc/avr/4.3.3/avr5\libgcc.a(_exit.o)
 .bss           0x00000000        0x0 c:/winavr-20100110/bin/../lib/gcc/avr/4.3.3/avr5\libgcc.a(_exit.o)
 .text.libgcc   0x00000000        0x0 c:/winavr-20100110/bin/../lib/gcc/avr/4.3.3/avr5\libgcc.a(_exit.o)
 .text          0x00000000        0x0 c:/winavr-20100110/bin/../lib/gcc/avr/4.3.3/avr5\libgcc.a(_copy_data.o)
 .data          0x00000000        0x0 c:/winavr-20100110/bin/../lib/gcc/avr/4.3.3/avr5\libgcc.a(_copy_data.o)
 .bss           0x00000000        0x0 c:/winavr-20100110/bin/../lib/gcc/avr/4.3.3/avr5\libgcc.a(_copy_data.o)
 .text.libgcc   0x00000000        0x0 c:/winavr-20100110/bin/../lib/gcc/avr/4.3.3/avr5\libgcc.a(_copy_data.o)
 .text          0x00000000        0x0 c:/winavr-20100110/bin/../lib/gcc/avr/4.3.3/avr5\libgcc.a(_clear_bss.o)
 .data          0x00000000        0x0 c:/winavr-20100110/bin/../lib/gcc/avr/4.3.3/avr5\libgcc.a(_clear_bss.o)
 .bss           0x00000000        0x0 c:/winavr-20100110/bin/../lib/gcc/avr/4.3.3/avr5\libgcc.a(_clear_bss.o)
 .text.libgcc   0x00000000        0x0 c:/winavr-20100110/bin/../lib/gcc/avr/4.3.3/avr5\libgcc.a(_clear_bss.o)
 .text          0x00000000        0x0 c:/winavr-20100110/bin/../lib/gcc/avr/4.3.3/avr5\libgcc.a(_udivmodsi4.o)
 .data          0x00000000        0x0 c:/winavr-20100110/bin/../lib/gcc/avr/4.3.3/avr5\libgcc.a(_udivmodsi4.o)
 .bss           0x00000000        0x0 c:/winavr-20100110/bin/../lib/gcc/avr/4.3.3/avr5\libgcc.a(_udivmodsi4.o)
 .text          0x00000000        0x0 c:/winavr-20100110/bin/../lib/gcc/avr/4.3.3/../../../../avr/lib/avr5\libc.a(printf.o)
 .data          0x00000000        0x0 c:/winavr-20100110/bin/../lib/gcc/avr/4.3.3/../../../../avr/lib/avr5\libc.a(printf.o)
 .bss           0x00000000        0x0 c:/winavr-20100110/bin/../lib/gcc/avr/4.3.3/../../../../avr/lib/avr5\libc.a(printf.o)
 .text          0x00000000        0x0 c:/winavr-20100110/bin/../lib/gcc/avr/4.3.3/../../../../avr/lib/avr5\libc.a(vfprintf_std.o)
 .data          0x00000000        0x0 c:/winavr-20100110/bin/../lib/gcc/avr/4.3.3/../../../../avr/lib/avr5\libc.a(vfprintf_std.o)
 .bss           0x00000000        0x0 c:/winavr-20100110/bin/../lib/gcc/avr/4.3.3/../../../../avr/lib/avr5\libc.a(vfprintf_std.o)
 .text          0x00000000        0x0 c:/winavr-20100110/bin/../lib/gcc/avr/4.3.3/../../../../avr/lib/avr5\libc.a(strnlen_P.o)
 .data          0x00000000        0x0 c:/winavr-20100110/bin/../lib/gcc/avr/4.3.3/../../../../avr/lib/avr5\libc.a(strnlen_P.o)
 .bss           0x00000000        0x0 c:/winavr-20100110/bin/../lib/gcc/avr/4.3.3/../../../../avr/lib/avr5\libc.a(strnlen_P.o)
 .text          0x00000000        0x0 c:/winavr-20100110/bin/../lib/gcc/avr/4.3.3/../../../../avr/lib/avr5\libc.a(strnlen.o)
 .data          0x00000000        0x0 c:/winavr-20100110/bin/../lib/gcc/avr/4.3.3/../../../../avr/lib/avr5\libc.a(strnlen.o)
 .bss           0x00000000        0x0 c:/winavr-20100110/bin/../lib/gcc/avr/4.3.3/../../../../avr/lib/avr5\libc.a(strnlen.o)
 .text          0x00000000        0x0 c:/winavr-20100110/bin/../lib/gcc/avr/4.3.3/../../../../avr/lib/avr5\libc.a(fputc.o)
 .data          0x00000000        0x0 c:/winavr-20100110/bin/../lib/gcc/avr/4.3.3/../../../../avr/lib/avr5\libc.a(fputc.o)
 .bss           0x00000000        0x0 c:/winavr-20100110/bin/../lib/gcc/avr/4.3.3/../../../../avr/lib/avr5\libc.a(fputc.o)
 .text          0x00000000        0x0 c:/winavr-20100110/bin/../lib/gcc/avr/4.3.3/../../../../avr/lib/avr5\libc.a(iob.o)
 .data          0x00000000        0x0 c:/winavr-20100110/bin/../lib/gcc/avr/4.3.3/../../../../avr/lib/avr5\libc.a(iob.o)
 .bss           0x00000000        0x0 c:/winavr-20100110/bin/../lib/gcc/avr/4.3.3/../../../../avr/lib/avr5\libc.a(iob.o)
 .text          0x00000000        0x0 c:/winavr-20100110/bin/../lib/gcc/avr/4.3.3/../../../../avr/lib/avr5\libc.a(ultoa_invert.o)
 .data          0x00000000        0x0 c:/winavr-20100110/bin/../lib/gcc/avr/4.3.3/../../../../avr/lib/avr5\libc.a(ultoa_invert.o)
 .bss           0x00000000        0x0 c:/winavr-20100110/bin/../lib/gcc/avr/4.3.3/../../../../avr/lib/avr5\libc.a(ultoa_invert.o)
 .text          0x00000000        0x0 c:/winavr-20100110/bin/../lib/gcc/avr/4.3.3/avr5\libgcc.a(_prologue.o)
 .data          0x00000000        0x0 c:/winavr-20100110/bin/../lib/gcc/avr/4.3.3/avr5\libgcc.a(_prologue.o)
 .bss           0x00000000        0x0 c:/winavr-20100110/bin/../lib/gcc/avr/4.3.3/avr5\libgcc.a(_prologue.o)
 .text          0x00000000        0x0 c:/winavr-20100110/bin/../lib/gcc/avr/4.3.3/avr5\libgcc.a(_epilogue.o)
 .data          0x00000000        0x0 c:/winavr-20100110/bin/../lib/gcc/avr/4.3.3/avr5\libgcc.a(_epilogue.o)
 .bss           0x00000000        0x0 c:/winavr-20100110/bin/../lib/gcc/avr/4.3.3/avr5\libgcc.a(_epilogue.o)

Memory Configuration

Name             Origin             Length             Attributes
text             0x00000000         0x00020000         xr
data             0x00800060         0x0000ffa0         rw !x
eeprom           0x00810000         0x00010000         rw !x
fuse             0x00820000         0x00000400         rw !x
lock             0x00830000         0x00000400         rw !x
signature        0x00840000         0x00000400         rw !x
*default*        0x00000000         0xffffffff

Linker script and memory map

Address of section .data set to 0x800100
LOAD c:/winavr-20100110/bin/../lib/gcc/avr/4.3.3/../../../../avr/lib/avr5/crtm32m1.o
LOAD ascii.o
LOAD main.o
LOAD mc_control.o
LOAD mc_drv.o
LOAD mc_interface.o
LOAD ushell_task.o
LOAD uart/uart_lib.o
START GROUP
END GROUP
LOAD c:/winavr-20100110/bin/../lib/gcc/avr/4.3.3/avr5\libgcc.a
LOAD c:/winavr-20100110/bin/../lib/gcc/avr/4.3.3/../../../../avr/lib/avr5\libc.a
LOAD c:/winavr-20100110/bin/../lib/gcc/avr/4.3.3/avr5\libgcc.a

.hash
 *(.hash)

.dynsym
 *(.dynsym)

.dynstr
 *(.dynstr)

.gnu.version
 *(.gnu.version)

.gnu.version_d
 *(.gnu.version_d)

.gnu.version_r
 *(.gnu.version_r)

.rel.init
 *(.rel.init)

.rela.init
 *(.rela.init)

.rel.text
 *(.rel.text)
 *(.rel.text.*)
 *(.rel.gnu.linkonce.t*)

.rela.text
 *(.rela.text)
 *(.rela.text.*)
 *(.rela.gnu.linkonce.t*)

.rel.fini
 *(.rel.fini)

.rela.fini
 *(.rela.fini)

.rel.rodata
 *(.rel.rodata)
 *(.rel.rodata.*)
 *(.rel.gnu.linkonce.r*)

.rela.rodata
 *(.rela.rodata)
 *(.rela.rodata.*)
 *(.rela.gnu.linkonce.r*)

.rel.data
 *(.rel.data)
 *(.rel.data.*)
 *(.rel.gnu.linkonce.d*)

.rela.data
 *(.rela.data)
 *(.rela.data.*)
 *(.rela.gnu.linkonce.d*)

.rel.ctors
 *(.rel.ctors)

.rela.ctors
 *(.rela.ctors)

.rel.dtors
 *(.rel.dtors)

.rela.dtors
 *(.rela.dtors)

.rel.got
 *(.rel.got)

.rela.got
 *(.rela.got)

.rel.bss
 *(.rel.bss)

.rela.bss
 *(.rela.bss)

.rel.plt
 *(.rel.plt)

.rela.plt
 *(.rela.plt)

.text           0x00000000     0x15f2
 *(.vectors)
 .vectors       0x00000000       0x7c c:/winavr-20100110/bin/../lib/gcc/avr/4.3.3/../../../../avr/lib/avr5/crtm32m1.o
                0x00000000                __vectors
                0x00000000                __vector_default
 *(.vectors)
 *(.progmem.gcc*)
 *(.progmem*)
 .progmem.data  0x0000007c       0x99 ushell_task.o
                0x00000087                str_forward
                0x0000007f                str_stop
                0x00000099                msg_prompt
                0x0000009c                msg_welcome
                0x00000096                str_get_status1
                0x00000105                msg_er_cmd_not_found
                0x00000093                str_get_status0
                0x00000082                str_help
                0x0000008d                str_set_speed
                0x000000bb                msg_help
                0x0000007c                str_run
                0x0000008a                str_backward
                0x00000090                str_get_id
                0x00000116                . = ALIGN (0x2)
 *fill*         0x00000115        0x1 00
                0x00000116                __trampolines_start = .
 *(.trampolines)
 .trampolines   0x00000116        0x0 linker stubs
 *(.trampolines*)
                0x00000116                __trampolines_end = .
 *(.jumptables)
 *(.jumptables*)
 *(.lowtext)
 *(.lowtext*)
                0x00000116                __ctors_start = .
 *(.ctors)
                0x00000116                __ctors_end = .
                0x00000116                __dtors_start = .
 *(.dtors)
                0x00000116                __dtors_end = .
 SORT(*)(.ctors)
 SORT(*)(.dtors)
 *(.init0)
 .init0         0x00000116        0x0 c:/winavr-20100110/bin/../lib/gcc/avr/4.3.3/../../../../avr/lib/avr5/crtm32m1.o
                0x00000116                __init
 *(.init0)
 *(.init1)
 *(.init1)
 *(.init2)
 .init2         0x00000116        0xc c:/winavr-20100110/bin/../lib/gcc/avr/4.3.3/../../../../avr/lib/avr5/crtm32m1.o
 *(.init2)
 *(.init3)
 *(.init3)
 *(.init4)
 .init4         0x00000122       0x16 c:/winavr-20100110/bin/../lib/gcc/avr/4.3.3/avr5\libgcc.a(_copy_data.o)
                0x00000122                __do_copy_data
 .init4         0x00000138       0x10 c:/winavr-20100110/bin/../lib/gcc/avr/4.3.3/avr5\libgcc.a(_clear_bss.o)
                0x00000138                __do_clear_bss
 *(.init4)
 *(.init5)
 *(.init5)
 *(.init6)
 *(.init6)
 *(.init7)
 *(.init7)
 *(.init8)
 *(.init8)
 *(.init9)
 .init9         0x00000148        0x8 c:/winavr-20100110/bin/../lib/gcc/avr/4.3.3/../../../../avr/lib/avr5/crtm32m1.o
 *(.init9)
 *(.text)
 .text          0x00000150        0x4 c:/winavr-20100110/bin/../lib/gcc/avr/4.3.3/../../../../avr/lib/avr5/crtm32m1.o
                0x00000150                __vector_22
                0x00000150                __vector_28
                0x00000150                __vector_1
                0x00000150                __bad_interrupt
                0x00000150                __vector_6
                0x00000150                __vector_3
                0x00000150                __vector_30
                0x00000150                __vector_25
                0x00000150                __vector_11
                0x00000150                __vector_13
                0x00000150                __vector_19
                0x00000150                __vector_7
                0x00000150                __vector_4
                0x00000150                __vector_9
                0x00000150                __vector_2
                0x00000150                __vector_21
                0x00000150                __vector_15
                0x00000150                __vector_29
                0x00000150                __vector_8
                0x00000150                __vector_26
                0x00000150                __vector_14
                0x00000150                __vector_10
                0x00000150                __vector_16
                0x00000150                __vector_18
                0x00000150                __vector_20
                0x00000154                . = ALIGN (0x2)
 *(.text.*)
 .text.ascii_to_bin
                0x00000154       0x14 ascii.o
                0x00000154                ascii_to_bin
 .text.bin_to_ascii
                0x00000168        0xc ascii.o
                0x00000168                bin_to_ascii
 .text.main     0x00000174       0x78 main.o
                0x00000174                main
 .text.mc_set_speed_loop
                0x000001ec        0x8 mc_control.o
                0x000001ec                mc_set_speed_loop
 .text.mc_get_duty_cycle
                0x000001f4        0x6 mc_control.o
                0x000001f4                mc_get_duty_cycle
 .text.mc_control_current
                0x000001fa       0xb6 mc_control.o
                0x000001fa                mc_control_current
 .text.mc_control_speed
                0x000002b0       0xd4 mc_control.o
                0x000002b0                mc_control_speed
 .text.mc_regulation_loop
                0x00000384       0x36 mc_control.o
                0x00000384                mc_regulation_loop
 .text.PSC_Init
                0x000003ba       0x7e mc_drv.o
                0x000003ba                PSC_Init
 .text.mc_get_hall
                0x00000438       0x1a mc_drv.o
                0x00000438                mc_get_hall
 .text.mc_duty_cycle
                0x00000452       0x58 mc_drv.o
                0x00000452                mc_duty_cycle
 .text.mc_init_timer1
                0x000004aa       0x20 mc_drv.o
                0x000004aa                mc_init_timer1
 .text.mc_init_HW
                0x000004ca       0x96 mc_drv.o
                0x000004ca                mc_init_HW
 .text.__vector_12
                0x00000560       0x1e mc_drv.o
                0x00000560                __vector_12
 .text.mc_ADC_Scheduler
                0x0000057e       0x86 mc_drv.o
                0x0000057e                mc_ADC_Scheduler
 .text.mc_disable_during_inrush
                0x00000604       0x1a mc_drv.o
                0x00000604                mc_disable_during_inrush
 .text.mc_inrush_task
                0x0000061e       0x2a mc_drv.o
                0x0000061e                mc_inrush_task
 .text.__vector_5
                0x00000648       0x54 mc_drv.o
                0x00000648                __vector_5
 .text.__vector_27
                0x0000069c       0x80 mc_drv.o
                0x0000069c                __vector_27
 .text.mc_estimation_speed
                0x0000071c       0x5a mc_drv.o
                0x0000071c                mc_estimation_speed
 .text.__vector_17
                0x00000776       0x6a mc_drv.o
                0x00000776                __vector_17
 .text.mc_switch_commutation
                0x000007e0       0x8c mc_drv.o
                0x000007e0                mc_switch_commutation
 .text.__vector_23
                0x0000086c       0x74 mc_drv.o
                0x0000086c                __vector_23
 .text.__vector_24
                0x000008e0       0x60 mc_drv.o
                0x000008e0                __vector_24
 .text.mci_motor_is_running
                0x00000940        0x6 mc_interface.o
                0x00000940                mci_motor_is_running
 .text.mci_stop
                0x00000946        0x6 mc_interface.o
                0x00000946                mci_stop
 .text.mci_set_ref_speed
                0x0000094c        0x6 mc_interface.o
                0x0000094c                mci_set_ref_speed
 .text.mci_get_ref_speed
                0x00000952        0x6 mc_interface.o
                0x00000952                mci_get_ref_speed
 .text.mci_forward
                0x00000958        0x6 mc_interface.o
                0x00000958                mci_forward
 .text.mci_backward
                0x0000095e        0x8 mc_interface.o
                0x0000095e                mci_backward
 .text.mci_get_motor_direction
                0x00000966        0x6 mc_interface.o
                0x00000966                mci_get_motor_direction
 .text.mc_set_measured_speed
                0x0000096c        0x6 mc_interface.o
                0x0000096c                mc_set_measured_speed
 .text.mci_get_measured_speed
                0x00000972        0x6 mc_interface.o
                0x00000972                mci_get_measured_speed
 .text.mci_get_measured_current
                0x00000978       0x22 mc_interface.o
                0x00000978                mci_get_measured_current
 .text.mci_store_measured_current
                0x0000099a       0x70 mc_interface.o
                0x0000099a                mci_store_measured_current
 .text.mc_get_potentiometer_value
                0x00000a0a        0x6 mc_interface.o
                0x00000a0a                mc_get_potentiometer_value
 .text.mc_set_potentiometer_value
                0x00000a10        0x6 mc_interface.o
                0x00000a10                mc_set_potentiometer_value
 .text.mc_init  0x00000a16       0x18 mc_interface.o
                0x00000a16                mc_init
 .text.mci_retry_run
                0x00000a2e       0x20 mc_interface.o
                0x00000a2e                mci_retry_run
 .text.mci_run  0x00000a4e       0x30 mc_interface.o
                0x00000a4e                mci_run
 .text.print_hex16
                0x00000a7e       0x7a ushell_task.o
                0x00000a7e                print_hex16
 .text.print_msg
                0x00000af8       0x22 ushell_task.o
                0x00000af8                print_msg
 .text.parse_cmd
                0x00000b1a      0x248 ushell_task.o
                0x00000b1a                parse_cmd
 .text.convert_param1
                0x00000d62       0x5a ushell_task.o
                0x00000d62                convert_param1
 .text.build_cmd
                0x00000dbc       0x96 ushell_task.o
                0x00000dbc                build_cmd
 .text.ushell_task
                0x00000e52      0x11e ushell_task.o
                0x00000e52                ushell_task
 .text.ushell_task_init
                0x00000f70       0x1e ushell_task.o
                0x00000f70                ushell_task_init
 .text.uart_test_hit
                0x00000f8e        0x8 uart/uart_lib.o
                0x00000f8e                uart_test_hit
 .text.uart_init
                0x00000f96       0x2c uart/uart_lib.o
                0x00000f96                uart_init
 .text.uart_putchar
                0x00000fc2       0x12 uart/uart_lib.o
                0x00000fc2                uart_putchar
 .text.uart_getchar
                0x00000fd4        0xe uart/uart_lib.o
                0x00000fd4                uart_getchar
 .text.libgcc   0x00000fe2       0x36 c:/winavr-20100110/bin/../lib/gcc/avr/4.3.3/avr5\libgcc.a(_divmodsi4.o)
                0x00000fe2                __divmodsi4
 .text.libgcc   0x00001018       0x44 c:/winavr-20100110/bin/../lib/gcc/avr/4.3.3/avr5\libgcc.a(_udivmodsi4.o)
                0x00001018                __udivmodsi4
 .text.avr-libc
                0x0000105c       0x2a c:/winavr-20100110/bin/../lib/gcc/avr/4.3.3/../../../../avr/lib/avr5\libc.a(printf.o)
                0x0000105c                printf
 .text.avr-libc
                0x00001086      0x3ba c:/winavr-20100110/bin/../lib/gcc/avr/4.3.3/../../../../avr/lib/avr5\libc.a(vfprintf_std.o)
                0x00001086                vfprintf
 .text.avr-libc
                0x00001440       0x16 c:/winavr-20100110/bin/../lib/gcc/avr/4.3.3/../../../../avr/lib/avr5\libc.a(strnlen_P.o)
                0x00001440                strnlen_P
 .text.avr-libc
                0x00001456       0x16 c:/winavr-20100110/bin/../lib/gcc/avr/4.3.3/../../../../avr/lib/avr5\libc.a(strnlen.o)
                0x00001456                strnlen
 .text.avr-libc
                0x0000146c       0x58 c:/winavr-20100110/bin/../lib/gcc/avr/4.3.3/../../../../avr/lib/avr5\libc.a(fputc.o)
                0x0000146c                fputc
 .text.avr-libc
                0x000014c4       0xbc c:/winavr-20100110/bin/../lib/gcc/avr/4.3.3/../../../../avr/lib/avr5\libc.a(ultoa_invert.o)
                0x000014c4                __ultoa_invert
 .text.libgcc   0x00001580       0x38 c:/winavr-20100110/bin/../lib/gcc/avr/4.3.3/avr5\libgcc.a(_prologue.o)
                0x00001580                __prologue_saves__
 .text.libgcc   0x000015b8       0x36 c:/winavr-20100110/bin/../lib/gcc/avr/4.3.3/avr5\libgcc.a(_epilogue.o)
                0x000015b8                __epilogue_restores__
                0x000015ee                . = ALIGN (0x2)
 *(.fini9)
 .fini9         0x000015ee        0x0 c:/winavr-20100110/bin/../lib/gcc/avr/4.3.3/avr5\libgcc.a(_exit.o)
                0x000015ee                exit
                0x000015ee                _exit
 *(.fini9)
 *(.fini8)
 *(.fini8)
 *(.fini7)
 *(.fini7)
 *(.fini6)
 *(.fini6)
 *(.fini5)
 *(.fini5)
 *(.fini4)
 *(.fini4)
 *(.fini3)
 *(.fini3)
 *(.fini2)
 *(.fini2)
 *(.fini1)
 *(.fini1)
 *(.fini0)
 .fini0         0x000015ee        0x4 c:/winavr-20100110/bin/../lib/gcc/avr/4.3.3/avr5\libgcc.a(_exit.o)
 *(.fini0)
                0x000015f2                _etext = .

.data           0x00800100        0x4 load address 0x000015f2
                0x00800100                PROVIDE (__data_start, .)
 *(.data)
 .data          0x00800100        0x3 ushell_task.o
 *(.data*)
 *(.rodata)
 *(.rodata*)
 *(.gnu.linkonce.d*)
                0x00800104                . = ALIGN (0x2)
 *fill*         0x00800103        0x1 00
                0x00800104                _edata = .
                0x00800104                PROVIDE (__data_end, .)

.bss            0x00800104       0x6c
                0x00800104                PROVIDE (__bss_start, .)
 *(.bss)
 *(.bss*)
 .bss.g_regulation_period
                0x00800104        0x2 main.o
                0x00800104                g_regulation_period
 .bss.duty_cycle
                0x00800106        0x1 mc_control.o
                0x00800106                duty_cycle
 .bss.regulation_type
                0x00800107        0x1 mc_control.o
                0x00800107                regulation_type
 .bss.speed_error
                0x00800108        0x2 mc_control.o
                0x00800108                speed_error
 .bss.speed_integral
                0x0080010a        0x2 mc_control.o
                0x0080010a                speed_integral
 .bss.speed_integ
                0x0080010c        0x2 mc_control.o
                0x0080010c                speed_integ
 .bss.speed_proportional
                0x0080010e        0x2 mc_control.o
                0x0080010e                speed_proportional
 .bss.cur_error
                0x00800110        0x2 mc_control.o
                0x00800110                cur_error
 .bss.cur_integral
                0x00800112        0x2 mc_control.o
                0x00800112                cur_integral
 .bss.cur_integ
                0x00800114        0x2 mc_control.o
                0x00800114                cur_integ
 .bss.cur_proportional
                0x00800116        0x2 mc_control.o
                0x00800116                cur_proportional
 .bss.overcurrent
                0x00800118        0x1 mc_drv.o
                0x00800118                overcurrent
 .bss.g_mc_read_enable
                0x00800119        0x1 mc_drv.o
                0x00800119                g_mc_read_enable
 .bss.g_tick    0x0080011a        0x1 mc_drv.o
                0x0080011a                g_tick
 .bss.inrush_mask_flag
                0x0080011b        0x1 mc_drv.o
 .bss.inrush_delay
                0x0080011c        0x2 mc_drv.o
 .bss.State     0x0080011e        0x1 mc_drv.o
 .bss.ADC_State
                0x0080011f        0x1 mc_drv.o
 .bss.ovf_timer
                0x00800120        0x1 mc_drv.o
 .bss.mci_direction
                0x00800121        0x1 mc_interface.o
                0x00800121                mci_direction
 .bss.mci_run_stop
                0x00800122        0x1 mc_interface.o
                0x00800122                mci_run_stop
 .bss.mci_ref_speed
                0x00800123        0x1 mc_interface.o
                0x00800123                mci_ref_speed
 .bss.mci_measured_speed
                0x00800124        0x1 mc_interface.o
                0x00800124                mci_measured_speed
 .bss.mci_measured_current
                0x00800125        0x4 mc_interface.o
                0x00800125                mci_measured_current
 .bss.mc_potentiometer_value
                0x00800129        0x1 mc_interface.o
                0x00800129                mc_potentiometer_value
 .bss.ushell_active
                0x0080012a        0x1 ushell_task.o
                0x0080012a                ushell_active
 .bss.i_str     0x0080012b        0x1 ushell_task.o
 .bss.cmd       0x0080012c        0x1 ushell_task.o
 .bss.cmd_type  0x0080012d        0x1 ushell_task.o
 .bss.par_str1  0x0080012e       0x10 ushell_task.o
 .bss.par_str2  0x0080013e       0x10 ushell_task.o
 .bss.param1    0x0080014e        0x2 ushell_task.o
 .bss.cmd_str   0x00800150       0x1a ushell_task.o
 *(COMMON)
 COMMON         0x0080016a        0x6 c:/winavr-20100110/bin/../lib/gcc/avr/4.3.3/../../../../avr/lib/avr5\libc.a(iob.o)
                0x0080016a                __iob
                0x00800170                PROVIDE (__bss_end, .)
                0x000015f2                __data_load_start = LOADADDR (.data)
                0x000015f6                __data_load_end = (__data_load_start + SIZEOF (.data))

.noinit         0x00800170        0x0
                0x00800170                PROVIDE (__noinit_start, .)
 *(.noinit*)
                0x00800170                PROVIDE (__noinit_end, .)
                0x00800170                _end = .
                0x00800170                PROVIDE (__heap_start, .)

.eeprom         0x00810000        0x0
 *(.eeprom*)
                0x00810000                __eeprom_end = .

.fuse
 *(.fuse)
 *(.lfuse)
 *(.hfuse)
 *(.efuse)

.lock
 *(.lock*)

.signature
 *(.signature*)

.stab
 *(.stab)

.stabstr
 *(.stabstr)

.stab.excl
 *(.stab.excl)

.stab.exclstr
 *(.stab.exclstr)

.stab.index
 *(.stab.index)

.stab.indexstr
 *(.stab.indexstr)

.comment
 *(.comment)

.debug
 *(.debug)

.line
 *(.line)

.debug_srcinfo
 *(.debug_srcinfo)

.debug_sfnames
 *(.debug_sfnames)

.debug_aranges  0x00000000      0x268
 *(.debug_aranges)
 .debug_aranges
                0x00000000       0x28 ascii.o
 .debug_aranges
                0x00000028       0x20 main.o
 .debug_aranges
                0x00000048       0x50 mc_control.o
 .debug_aranges
                0x00000098       0xa0 mc_drv.o
 .debug_aranges
                0x00000138       0x98 mc_interface.o
 .debug_aranges
                0x000001d0       0x60 ushell_task.o
 .debug_aranges
                0x00000230       0x38 uart/uart_lib.o

.debug_pubnames
                0x00000000      0x7ba
 *(.debug_pubnames)
 .debug_pubnames
                0x00000000       0x34 ascii.o
 .debug_pubnames
                0x00000034       0x43 main.o
 .debug_pubnames
                0x00000077      0x1c7 mc_control.o
 .debug_pubnames
                0x0000023e      0x1a2 mc_drv.o
 .debug_pubnames
                0x000003e0      0x1fa mc_interface.o
 .debug_pubnames
                0x000005da      0x18c ushell_task.o
 .debug_pubnames
                0x00000766       0x54 uart/uart_lib.o

.debug_info     0x00000000     0x1548
 *(.debug_info)
 .debug_info    0x00000000       0xde ascii.o
 .debug_info    0x000000de      0x102 main.o
 .debug_info    0x000001e0      0x2df mc_control.o
 .debug_info    0x000004bf      0x39f mc_drv.o
 .debug_info    0x0000085e      0x34b mc_interface.o
 .debug_info    0x00000ba9      0x861 ushell_task.o
 .debug_info    0x0000140a      0x13e uart/uart_lib.o
 *(.gnu.linkonce.wi.*)

.debug_abbrev   0x00000000      0x76c
 *(.debug_abbrev)
 .debug_abbrev  0x00000000       0x81 ascii.o
 .debug_abbrev  0x00000081       0x8f main.o
 .debug_abbrev  0x00000110       0xd7 mc_control.o
 .debug_abbrev  0x000001e7      0x164 mc_drv.o
 .debug_abbrev  0x0000034b      0x14d mc_interface.o
 .debug_abbrev  0x00000498      0x22e ushell_task.o
 .debug_abbrev  0x000006c6       0xa6 uart/uart_lib.o

.debug_line     0x00000000     0x13f6
 *(.debug_line)
 .debug_line    0x00000000       0xbd ascii.o
 .debug_line    0x000000bd      0x125 main.o
 .debug_line    0x000001e2      0x1f3 mc_control.o
 .debug_line    0x000003d5      0x5f2 mc_drv.o
 .debug_line    0x000009c7      0x305 mc_interface.o
 .debug_line    0x00000ccc      0x618 ushell_task.o
 .debug_line    0x000012e4      0x112 uart/uart_lib.o

.debug_frame    0x00000000      0x3f0
 *(.debug_frame)
 .debug_frame   0x00000000       0x30 ascii.o
 .debug_frame   0x00000030       0x20 main.o
 .debug_frame   0x00000050       0x80 mc_control.o
 .debug_frame   0x000000d0      0x120 mc_drv.o
 .debug_frame   0x000001f0      0x110 mc_interface.o
 .debug_frame   0x00000300       0xa0 ushell_task.o
 .debug_frame   0x000003a0       0x50 uart/uart_lib.o

.debug_str      0x00000000      0x84e
 *(.debug_str)
 .debug_str     0x00000000       0xfe ascii.o
                                0x137 (size before relaxing)
 .debug_str     0x000000fe       0x57 main.o
                                0x167 (size before relaxing)
 .debug_str     0x00000155      0x18d mc_control.o
                                0x2be (size before relaxing)
 .debug_str     0x000002e2      0x1cc mc_drv.o
                                0x304 (size before relaxing)
 .debug_str     0x000004ae      0x1b2 mc_interface.o
                                0x2f0 (size before relaxing)
 .debug_str     0x00000660      0x176 ushell_task.o
                                0x2d2 (size before relaxing)
 .debug_str     0x000007d6       0x78 uart/uart_lib.o
                                0x188 (size before relaxing)

.debug_loc      0x00000000      0xa3f
 *(.debug_loc)
 .debug_loc     0x00000000       0x47 ascii.o
 .debug_loc     0x00000047       0xcd mc_control.o
 .debug_loc     0x00000114       0xb0 mc_drv.o
 .debug_loc     0x000001c4       0x18 mc_interface.o
 .debug_loc     0x000001dc      0x84b ushell_task.o
 .debug_loc     0x00000a27       0x18 uart/uart_lib.o

.debug_macinfo
 *(.debug_macinfo)
OUTPUT(bldc_sensorless.elf elf32-avr)
LOAD linker stubs

.debug_ranges   0x00000000      0x230
 .debug_ranges  0x00000000       0x20 ascii.o
 .debug_ranges  0x00000020       0x18 main.o
 .debug_ranges  0x00000038       0x48 mc_control.o
 .debug_ranges  0x00000080       0x98 mc_drv.o
 .debug_ranges  0x00000118       0x90 mc_interface.o
 .debug_ranges  0x000001a8       0x58 ushell_task.o
 .debug_ranges  0x00000200       0x30 uart/uart_lib.o
