<area shape="rect" href="$ushell__task_8c.html#d46ea5f94f9787395d59bb48793bdc44" title="build_cmd" alt="" coords="195,5,277,32">
<area shape="rect" href="$ushell__task_8c.html#52fa0bc81f68afff7d293e30fd63e993" title="convert_param1" alt="" coords="177,56,295,83">
<area shape="rect" href="$mc__drv_8c.html#e71311b8b3ac3219ee86654aae544781" title="mc_disable_during_inrush" alt="" coords="148,107,324,133">
<area shape="rect" href="$mc__interface_8c.html#1c346748ae774dd509b2e2491fe78d35" title="mci_backward" alt="" coords="183,157,289,184">
<area shape="rect" href="$mc__interface_8c.html#09c9d3557fdbc555c1fc80cf03fcd7db" title="mci_forward" alt="" coords="189,208,283,235">
<area shape="rect" href="$mc__interface_8c.html#15ea69bf71d961f6c2a74f9c6af50aa1" title="mci_get_measured_current" alt="" coords="144,259,328,285">
<area shape="rect" href="$mc__interface_8c.html#f730f512e6af4b891d16973612228ff0" title="mci_get_measured_speed" alt="" coords="147,309,325,336">
<area shape="rect" href="$mc__interface_8c.html#e0cda5b62fcc49fa794dd0b64b1d538f" title="mci_run" alt="" coords="201,360,271,387">
<area shape="rect" href="$mc__interface_8c.html#1dd7770694b33528149380dcb538d513" title="mci_set_ref_speed" alt="" coords="169,411,303,437">
<area shape="rect" href="$mc__interface_8c.html#0942297e70dc80b093cc813773849f5f" title="mci_stop" alt="" coords="199,461,273,488">
<area shape="rect" href="$ushell__task_8c.html#0f2bc42b406f1fd15588e38793c8fb5f" title="print_hex16" alt="" coords="191,512,281,539">
<area shape="rect" href="$ushell__task_8c.html#3d171ce6013c3b0df3438d5f15c58a34" title="print_msg" alt="" coords="196,563,276,589">
<area shape="rect" href="$ascii_8c.html#0733dd8651e99c46cdd409b3da3756d6" title="ascii_to_bin" alt="" coords="377,56,468,83">
<area shape="rect" href="$ascii_8c.html#924f5803b38540d0902881e4fbf5ca19" title="bin_to_ascii" alt="" coords="377,512,468,539">
