<area shape="rect" href="$config_8h.html" title="config.h" alt="" coords="171,80,240,107">
<area shape="rect" href="$mc__drv_8h.html" title="mc_drv.h" alt="" coords="264,80,341,107">
<area shape="rect" href="$mc__interface_8h.html" title="mc_interface.h" alt="" coords="365,80,475,107">
<area shape="rect" href="$mc__control_8h.html" title="mc_control.h" alt="" coords="499,80,597,107">
<area shape="rect" href="$psc__drv_8h.html" title="psc\\psc_drv.h" alt="" coords="621,80,725,107">
<area shape="rect" href="$adc__drv_8h.html" title="adc\\adc_drv.h" alt="" coords="749,80,856,107">
<area shape="rect" href="$dac__drv_8h.html" title="dac\\dac_drv.h" alt="" coords="880,80,987,107">
<area shape="rect" href="$pll__drv_8h.html" title="pll\\pll_drv.h" alt="" coords="1011,80,1099,107">
<area shape="rect" href="$comparator__drv_8h.html" title="comparator\\comparator_drv.h" alt="" coords="1123,80,1320,107">
<area shape="rect" href="$compiler_8h.html" title="compiler.h" alt="" coords="5,155,88,181">
<area shape="rect" href="$config__motor_8h.html" title="config_motor.h" alt="" coords="309,155,419,181">
