Archive member included to satisfy reference by file (symbol)

c:/program files (x86)/atmel/studio/7.0/toolchain/avr8/avr8-gnu-toolchain/bin/../lib/gcc/avr/5.4.0/avr5\libgcc.a(_udivmodsi4.o)
                              timing.o (__udivmodsi4)
c:/program files (x86)/atmel/studio/7.0/toolchain/avr8/avr8-gnu-toolchain/bin/../lib/gcc/avr/5.4.0/avr5\libgcc.a(_exit.o)
                              C:/Program Files (x86)/Atmel/Studio/7.0/Packs/Atmel/ATmega_DFP/1.4.331/gcc/dev/atmega32m1/avr5/crtatmega32m1.o (exit)
c:/program files (x86)/atmel/studio/7.0/toolchain/avr8/avr8-gnu-toolchain/bin/../lib/gcc/avr/5.4.0/avr5\libgcc.a(_copy_data.o)
                              adc.o (__do_copy_data)
c:/program files (x86)/atmel/studio/7.0/toolchain/avr8/avr8-gnu-toolchain/bin/../lib/gcc/avr/5.4.0/avr5\libgcc.a(_clear_bss.o)
                              adc.o (__do_clear_bss)

Discarded input sections

 .data          0x00000000        0x0 C:/Program Files (x86)/Atmel/Studio/7.0/Packs/Atmel/ATmega_DFP/1.4.331/gcc/dev/atmega32m1/avr5/crtatmega32m1.o
 .bss           0x00000000        0x0 C:/Program Files (x86)/Atmel/Studio/7.0/Packs/Atmel/ATmega_DFP/1.4.331/gcc/dev/atmega32m1/avr5/crtatmega32m1.o
 .text          0x00000000        0x0 a4910.o
 .data          0x00000000        0x0 a4910.o
 .bss           0x00000000        0x0 a4910.o
 .text.a4910_disable
                0x00000000        0x4 a4910.o
 .text          0x00000000        0x0 adc.o
 .data          0x00000000        0x0 adc.o
 .bss           0x00000000        0x0 adc.o
 .text.adc_goalRPM_get
                0x00000000        0xa adc.o
 .text          0x00000000        0x0 comparator.o
 .data          0x00000000        0x0 comparator.o
 .bss           0x00000000        0x0 comparator.o
 .text.comparator_init
                0x00000000       0x12 comparator.o
 .debug_info    0x00000000       0x8a comparator.o
 .debug_abbrev  0x00000000       0x51 comparator.o
 .debug_aranges
                0x00000000       0x20 comparator.o
 .debug_ranges  0x00000000       0x10 comparator.o
 .debug_line    0x00000000       0xb1 comparator.o
 .debug_str     0x00000000      0x1b6 comparator.o
 .comment       0x00000000       0x31 comparator.o
 .debug_frame   0x00000000       0x24 comparator.o
 .text          0x00000000        0x0 dac.o
 .data          0x00000000        0x0 dac.o
 .bss           0x00000000        0x0 dac.o
 .debug_info    0x00000000       0x5d dac.o
 .debug_abbrev  0x00000000       0x26 dac.o
 .debug_aranges
                0x00000000       0x18 dac.o
 .debug_line    0x00000000       0x1a dac.o
 .debug_str     0x00000000      0x197 dac.o
 .comment       0x00000000       0x31 dac.o
 .text          0x00000000        0x0 debug.o
 .data          0x00000000        0x0 debug.o
 .bss           0x00000000        0x0 debug.o
 .text.unoPinA4_high
                0x00000000        0x6 debug.o
 .text.unoPinA2_high
                0x00000000        0x6 debug.o
 .text.unoPinA4_low
                0x00000000        0x4 debug.o
 .text.unoPinA2_low
                0x00000000        0x4 debug.o
 .debug_info    0x00000000       0xcc debug.o
 .debug_abbrev  0x00000000       0x51 debug.o
 .debug_aranges
                0x00000000       0x38 debug.o
 .debug_ranges  0x00000000       0x28 debug.o
 .debug_line    0x00000000       0xdc debug.o
 .debug_str     0x00000000      0x1d7 debug.o
 .comment       0x00000000       0x31 debug.o
 .debug_frame   0x00000000       0x54 debug.o
 .text          0x00000000        0x0 hall.o
 .data          0x00000000        0x0 hall.o
 .bss           0x00000000        0x0 hall.o
 .text          0x00000000        0x0 main.o
 .data          0x00000000        0x0 main.o
 .bss           0x00000000        0x0 main.o
 .text          0x00000000        0x0 motor.o
 .data          0x00000000        0x0 motor.o
 .bss           0x00000000        0x0 motor.o
 .text.motor_stop
                0x00000000        0x6 motor.o
 .text.motor_direction_set
                0x00000000        0xc motor.o
 .text          0x00000000        0x0 pid.o
 .data          0x00000000        0x0 pid.o
 .bss           0x00000000        0x0 pid.o
 .text.pid_calculate_proportional
                0x00000000       0x10 pid.o
 .text.pid_calculate_integral
                0x00000000       0x52 pid.o
 .text.pid_calculate_derivative
                0x00000000        0x6 pid.o
 .text.pid_dutyCycle_calculate
                0x00000000        0x8 pid.o
 .bss.speed_integrator.2071
                0x00000000        0x2 pid.o
 .text          0x00000000        0x0 psc.o
 .data          0x00000000        0x0 psc.o
 .bss           0x00000000        0x0 psc.o
 .text.psc_connectAllMOSFETs
                0x00000000        0x8 psc.o
 .text          0x00000000        0x0 timing.o
 .data          0x00000000        0x0 timing.o
 .bss           0x00000000        0x0 timing.o
 .text.timing_measuredRPM_get
                0x00000000        0xa timing.o
 .text          0x00000000        0x0 c:/program files (x86)/atmel/studio/7.0/toolchain/avr8/avr8-gnu-toolchain/bin/../lib/gcc/avr/5.4.0/avr5\libgcc.a(_udivmodsi4.o)
 .data          0x00000000        0x0 c:/program files (x86)/atmel/studio/7.0/toolchain/avr8/avr8-gnu-toolchain/bin/../lib/gcc/avr/5.4.0/avr5\libgcc.a(_udivmodsi4.o)
 .bss           0x00000000        0x0 c:/program files (x86)/atmel/studio/7.0/toolchain/avr8/avr8-gnu-toolchain/bin/../lib/gcc/avr/5.4.0/avr5\libgcc.a(_udivmodsi4.o)
 .text.libgcc.mul
                0x00000000        0x0 c:/program files (x86)/atmel/studio/7.0/toolchain/avr8/avr8-gnu-toolchain/bin/../lib/gcc/avr/5.4.0/avr5\libgcc.a(_udivmodsi4.o)
 .text.libgcc   0x00000000        0x0 c:/program files (x86)/atmel/studio/7.0/toolchain/avr8/avr8-gnu-toolchain/bin/../lib/gcc/avr/5.4.0/avr5\libgcc.a(_udivmodsi4.o)
 .text.libgcc.prologue
                0x00000000        0x0 c:/program files (x86)/atmel/studio/7.0/toolchain/avr8/avr8-gnu-toolchain/bin/../lib/gcc/avr/5.4.0/avr5\libgcc.a(_udivmodsi4.o)
 .text.libgcc.builtins
                0x00000000        0x0 c:/program files (x86)/atmel/studio/7.0/toolchain/avr8/avr8-gnu-toolchain/bin/../lib/gcc/avr/5.4.0/avr5\libgcc.a(_udivmodsi4.o)
 .text.libgcc.fmul
                0x00000000        0x0 c:/program files (x86)/atmel/studio/7.0/toolchain/avr8/avr8-gnu-toolchain/bin/../lib/gcc/avr/5.4.0/avr5\libgcc.a(_udivmodsi4.o)
 .text.libgcc.fixed
                0x00000000        0x0 c:/program files (x86)/atmel/studio/7.0/toolchain/avr8/avr8-gnu-toolchain/bin/../lib/gcc/avr/5.4.0/avr5\libgcc.a(_udivmodsi4.o)
 .text          0x00000000        0x0 c:/program files (x86)/atmel/studio/7.0/toolchain/avr8/avr8-gnu-toolchain/bin/../lib/gcc/avr/5.4.0/avr5\libgcc.a(_exit.o)
 .data          0x00000000        0x0 c:/program files (x86)/atmel/studio/7.0/toolchain/avr8/avr8-gnu-toolchain/bin/../lib/gcc/avr/5.4.0/avr5\libgcc.a(_exit.o)
 .bss           0x00000000        0x0 c:/program files (x86)/atmel/studio/7.0/toolchain/avr8/avr8-gnu-toolchain/bin/../lib/gcc/avr/5.4.0/avr5\libgcc.a(_exit.o)
 .text.libgcc.mul
                0x00000000        0x0 c:/program files (x86)/atmel/studio/7.0/toolchain/avr8/avr8-gnu-toolchain/bin/../lib/gcc/avr/5.4.0/avr5\libgcc.a(_exit.o)
 .text.libgcc.div
                0x00000000        0x0 c:/program files (x86)/atmel/studio/7.0/toolchain/avr8/avr8-gnu-toolchain/bin/../lib/gcc/avr/5.4.0/avr5\libgcc.a(_exit.o)
 .text.libgcc   0x00000000        0x0 c:/program files (x86)/atmel/studio/7.0/toolchain/avr8/avr8-gnu-toolchain/bin/../lib/gcc/avr/5.4.0/avr5\libgcc.a(_exit.o)
 .text.libgcc.prologue
                0x00000000        0x0 c:/program files (x86)/atmel/studio/7.0/toolchain/avr8/avr8-gnu-toolchain/bin/../lib/gcc/avr/5.4.0/avr5\libgcc.a(_exit.o)
 .text.libgcc.builtins
                0x00000000        0x0 c:/program files (x86)/atmel/studio/7.0/toolchain/avr8/avr8-gnu-toolchain/bin/../lib/gcc/avr/5.4.0/avr5\libgcc.a(_exit.o)
 .text.libgcc.fmul
                0x00000000        0x0 c:/program files (x86)/atmel/studio/7.0/toolchain/avr8/avr8-gnu-toolchain/bin/../lib/gcc/avr/5.4.0/avr5\libgcc.a(_exit.o)
 .text.libgcc.fixed
                0x00000000        0x0 c:/program files (x86)/atmel/studio/7.0/toolchain/avr8/avr8-gnu-toolchain/bin/../lib/gcc/avr/5.4.0/avr5\libgcc.a(_exit.o)
 .text          0x00000000        0x0 c:/program files (x86)/atmel/studio/7.0/toolchain/avr8/avr8-gnu-toolchain/bin/../lib/gcc/avr/5.4.0/avr5\libgcc.a(_copy_data.o)
 .data          0x00000000        0x0 c:/program files (x86)/atmel/studio/7.0/toolchain/avr8/avr8-gnu-toolchain/bin/../lib/gcc/avr/5.4.0/avr5\libgcc.a(_copy_data.o)
 .bss           0x00000000        0x0 c:/program files (x86)/atmel/studio/7.0/toolchain/avr8/avr8-gnu-toolchain/bin/../lib/gcc/avr/5.4.0/avr5\libgcc.a(_copy_data.o)
 .text.libgcc.mul
                0x00000000        0x0 c:/program files (x86)/atmel/studio/7.0/toolchain/avr8/avr8-gnu-toolchain/bin/../lib/gcc/avr/5.4.0/avr5\libgcc.a(_copy_data.o)
 .text.libgcc.div
                0x00000000        0x0 c:/program files (x86)/atmel/studio/7.0/toolchain/avr8/avr8-gnu-toolchain/bin/../lib/gcc/avr/5.4.0/avr5\libgcc.a(_copy_data.o)
 .text.libgcc   0x00000000        0x0 c:/program files (x86)/atmel/studio/7.0/toolchain/avr8/avr8-gnu-toolchain/bin/../lib/gcc/avr/5.4.0/avr5\libgcc.a(_copy_data.o)
 .text.libgcc.prologue
                0x00000000        0x0 c:/program files (x86)/atmel/studio/7.0/toolchain/avr8/avr8-gnu-toolchain/bin/../lib/gcc/avr/5.4.0/avr5\libgcc.a(_copy_data.o)
 .text.libgcc.builtins
                0x00000000        0x0 c:/program files (x86)/atmel/studio/7.0/toolchain/avr8/avr8-gnu-toolchain/bin/../lib/gcc/avr/5.4.0/avr5\libgcc.a(_copy_data.o)
 .text.libgcc.fmul
                0x00000000        0x0 c:/program files (x86)/atmel/studio/7.0/toolchain/avr8/avr8-gnu-toolchain/bin/../lib/gcc/avr/5.4.0/avr5\libgcc.a(_copy_data.o)
 .text.libgcc.fixed
                0x00000000        0x0 c:/program files (x86)/atmel/studio/7.0/toolchain/avr8/avr8-gnu-toolchain/bin/../lib/gcc/avr/5.4.0/avr5\libgcc.a(_copy_data.o)
 .text          0x00000000        0x0 c:/program files (x86)/atmel/studio/7.0/toolchain/avr8/avr8-gnu-toolchain/bin/../lib/gcc/avr/5.4.0/avr5\libgcc.a(_clear_bss.o)
 .data          0x00000000        0x0 c:/program files (x86)/atmel/studio/7.0/toolchain/avr8/avr8-gnu-toolchain/bin/../lib/gcc/avr/5.4.0/avr5\libgcc.a(_clear_bss.o)
 .bss           0x00000000        0x0 c:/program files (x86)/atmel/studio/7.0/toolchain/avr8/avr8-gnu-toolchain/bin/../lib/gcc/avr/5.4.0/avr5\libgcc.a(_clear_bss.o)
 .text.libgcc.mul
                0x00000000        0x0 c:/program files (x86)/atmel/studio/7.0/toolchain/avr8/avr8-gnu-toolchain/bin/../lib/gcc/avr/5.4.0/avr5\libgcc.a(_clear_bss.o)
 .text.libgcc.div
                0x00000000        0x0 c:/program files (x86)/atmel/studio/7.0/toolchain/avr8/avr8-gnu-toolchain/bin/../lib/gcc/avr/5.4.0/avr5\libgcc.a(_clear_bss.o)
 .text.libgcc   0x00000000        0x0 c:/program files (x86)/atmel/studio/7.0/toolchain/avr8/avr8-gnu-toolchain/bin/../lib/gcc/avr/5.4.0/avr5\libgcc.a(_clear_bss.o)
 .text.libgcc.prologue
                0x00000000        0x0 c:/program files (x86)/atmel/studio/7.0/toolchain/avr8/avr8-gnu-toolchain/bin/../lib/gcc/avr/5.4.0/avr5\libgcc.a(_clear_bss.o)
 .text.libgcc.builtins
                0x00000000        0x0 c:/program files (x86)/atmel/studio/7.0/toolchain/avr8/avr8-gnu-toolchain/bin/../lib/gcc/avr/5.4.0/avr5\libgcc.a(_clear_bss.o)
 .text.libgcc.fmul
                0x00000000        0x0 c:/program files (x86)/atmel/studio/7.0/toolchain/avr8/avr8-gnu-toolchain/bin/../lib/gcc/avr/5.4.0/avr5\libgcc.a(_clear_bss.o)
 .text.libgcc.fixed
                0x00000000        0x0 c:/program files (x86)/atmel/studio/7.0/toolchain/avr8/avr8-gnu-toolchain/bin/../lib/gcc/avr/5.4.0/avr5\libgcc.a(_clear_bss.o)

Memory Configuration

Name             Origin             Length             Attributes
text             0x00000000         0x00008000         xr
data             0x00800100         0x00000800         rw !x
eeprom           0x00810000         0x00000400         rw !x
fuse             0x00820000         0x00000003         rw !x
lock             0x00830000         0x00000400         rw !x
signature        0x00840000         0x00000400         rw !x
user_signatures  0x00850000         0x00000400         rw !x
*default*        0x00000000         0xffffffff

Linker script and memory map

Address of section .data set to 0x800100
LOAD C:/Program Files (x86)/Atmel/Studio/7.0/Packs/Atmel/ATmega_DFP/1.4.331/gcc/dev/atmega32m1/avr5/crtatmega32m1.o
LOAD a4910.o
LOAD adc.o
LOAD comparator.o
LOAD dac.o
LOAD debug.o
LOAD hall.o
LOAD main.o
LOAD motor.o
LOAD pid.o
LOAD psc.o
LOAD timing.o
START GROUP
END GROUP
START GROUP
LOAD c:/program files (x86)/atmel/studio/7.0/toolchain/avr8/avr8-gnu-toolchain/bin/../lib/gcc/avr/5.4.0/avr5\libgcc.a
LOAD c:/program files (x86)/atmel/studio/7.0/toolchain/avr8/avr8-gnu-toolchain/bin/../lib/gcc/avr/5.4.0/../../../../avr/lib/avr5\libm.a
LOAD c:/program files (x86)/atmel/studio/7.0/toolchain/avr8/avr8-gnu-toolchain/bin/../lib/gcc/avr/5.4.0/../../../../avr/lib/avr5\libc.a
LOAD C:/Program Files (x86)/Atmel/Studio/7.0/Packs/Atmel/ATmega_DFP/1.4.331/gcc/dev/atmega32m1/avr5\libatmega32m1.a
END GROUP
                0x00000000                __TEXT_REGION_ORIGIN__ = DEFINED (__TEXT_REGION_ORIGIN__)?__TEXT_REGION_ORIGIN__:0x0
                [0x00800100]                __DATA_REGION_ORIGIN__ = DEFINED (__DATA_REGION_ORIGIN__)?__DATA_REGION_ORIGIN__:0x800060
                [0x00008000]                __TEXT_REGION_LENGTH__ = DEFINED (__TEXT_REGION_LENGTH__)?__TEXT_REGION_LENGTH__:0x20000
                [0x00000800]                __DATA_REGION_LENGTH__ = DEFINED (__DATA_REGION_LENGTH__)?__DATA_REGION_LENGTH__:0xffa0
                [0x00000400]                __EEPROM_REGION_LENGTH__ = DEFINED (__EEPROM_REGION_LENGTH__)?__EEPROM_REGION_LENGTH__:0x10000
                [0x00000003]                __FUSE_REGION_LENGTH__ = DEFINED (__FUSE_REGION_LENGTH__)?__FUSE_REGION_LENGTH__:0x400
                0x00000400                __LOCK_REGION_LENGTH__ = DEFINED (__LOCK_REGION_LENGTH__)?__LOCK_REGION_LENGTH__:0x400
                0x00000400                __SIGNATURE_REGION_LENGTH__ = DEFINED (__SIGNATURE_REGION_LENGTH__)?__SIGNATURE_REGION_LENGTH__:0x400
                0x00000400                __USER_SIGNATURE_REGION_LENGTH__ = DEFINED (__USER_SIGNATURE_REGION_LENGTH__)?__USER_SIGNATURE_REGION_LENGTH__:0x400

.hash
 *(.hash)

.dynsym
 *(.dynsym)

.dynstr
 *(.dynstr)

.gnu.version
 *(.gnu.version)

.gnu.version_d
 *(.gnu.version_d)

.gnu.version_r
 *(.gnu.version_r)

.rel.init
 *(.rel.init)

.rela.init
 *(.rela.init)

.rel.text
 *(.rel.text)
 *(.rel.text.*)
 *(.rel.gnu.linkonce.t*)

.rela.text
 *(.rela.text)
 *(.rela.text.*)
 *(.rela.gnu.linkonce.t*)

.rel.fini
 *(.rel.fini)

.rela.fini
 *(.rela.fini)

.rel.rodata
 *(.rel.rodata)
 *(.rel.rodata.*)
 *(.rel.gnu.linkonce.r*)

.rela.rodata
 *(.rela.rodata)
 *(.rela.rodata.*)
 *(.rela.gnu.linkonce.r*)

.rel.data
 *(.rel.data)
 *(.rel.data.*)
 *(.rel.gnu.linkonce.d*)

.rela.data
 *(.rela.data)
 *(.rela.data.*)
 *(.rela.gnu.linkonce.d*)

.rel.ctors
 *(.rel.ctors)

.rela.ctors
 *(.rela.ctors)

.rel.dtors
 *(.rel.dtors)

.rela.dtors
 *(.rela.dtors)

.rel.got
 *(.rel.got)

.rela.got
 *(.rela.got)

.rel.bss
 *(.rel.bss)

.rela.bss
 *(.rela.bss)

.rel.plt
 *(.rel.plt)

.rela.plt
 *(.rela.plt)

.text           0x00000000      0x736
 *(.vectors)
 .vectors       0x00000000       0x7c C:/Program Files (x86)/Atmel/Studio/7.0/Packs/Atmel/ATmega_DFP/1.4.331/gcc/dev/atmega32m1/avr5/crtatmega32m1.o
                0x00000000                __vector_default
                0x00000000                __vectors
 *(.vectors)
 *(.progmem.gcc*)
                0x0000007c                . = ALIGN (0x2)
                0x0000007c                __trampolines_start = .
 *(.trampolines)
 .trampolines   0x0000007c        0x0 linker stubs
 *(.trampolines*)
                0x0000007c                __trampolines_end = .
 *libprintf_flt.a:*(.progmem.data)
 *libc.a:*(.progmem.data)
 *(.progmem*)
                0x0000007c                . = ALIGN (0x2)
 *(.jumptables)
 *(.jumptables*)
 *(.lowtext)
 *(.lowtext*)
                0x0000007c                __ctors_start = .
 *(.ctors)
                0x0000007c                __ctors_end = .
                0x0000007c                __dtors_start = .
 *(.dtors)
                0x0000007c                __dtors_end = .
 SORT(*)(.ctors)
 SORT(*)(.dtors)
 *(.init0)
 .init0         0x0000007c        0x0 C:/Program Files (x86)/Atmel/Studio/7.0/Packs/Atmel/ATmega_DFP/1.4.331/gcc/dev/atmega32m1/avr5/crtatmega32m1.o
                0x0000007c                __init
 *(.init0)
 *(.init1)
 *(.init1)
 *(.init2)
 .init2         0x0000007c        0xc C:/Program Files (x86)/Atmel/Studio/7.0/Packs/Atmel/ATmega_DFP/1.4.331/gcc/dev/atmega32m1/avr5/crtatmega32m1.o
 *(.init2)
 *(.init3)
 *(.init3)
 *(.init4)
 .init4         0x00000088       0x16 c:/program files (x86)/atmel/studio/7.0/toolchain/avr8/avr8-gnu-toolchain/bin/../lib/gcc/avr/5.4.0/avr5\libgcc.a(_copy_data.o)
                0x00000088                __do_copy_data
 .init4         0x0000009e       0x10 c:/program files (x86)/atmel/studio/7.0/toolchain/avr8/avr8-gnu-toolchain/bin/../lib/gcc/avr/5.4.0/avr5\libgcc.a(_clear_bss.o)
                0x0000009e                __do_clear_bss
 *(.init4)
 *(.init5)
 *(.init5)
 *(.init6)
 *(.init6)
 *(.init7)
 *(.init7)
 *(.init8)
 *(.init8)
 *(.init9)
 .init9         0x000000ae        0x8 C:/Program Files (x86)/Atmel/Studio/7.0/Packs/Atmel/ATmega_DFP/1.4.331/gcc/dev/atmega32m1/avr5/crtatmega32m1.o
 *(.init9)
 *(.text)
 .text          0x000000b6        0x4 C:/Program Files (x86)/Atmel/Studio/7.0/Packs/Atmel/ATmega_DFP/1.4.331/gcc/dev/atmega32m1/avr5/crtatmega32m1.o
                0x000000b6                __vector_22
                0x000000b6                __vector_28
                0x000000b6                __vector_1
                0x000000b6                __vector_12
                0x000000b6                __bad_interrupt
                0x000000b6                __vector_6
                0x000000b6                __vector_3
                0x000000b6                __vector_30
                0x000000b6                __vector_25
                0x000000b6                __vector_11
                0x000000b6                __vector_13
                0x000000b6                __vector_17
                0x000000b6                __vector_19
                0x000000b6                __vector_7
                0x000000b6                __vector_5
                0x000000b6                __vector_4
                0x000000b6                __vector_9
                0x000000b6                __vector_2
                0x000000b6                __vector_21
                0x000000b6                __vector_29
                0x000000b6                __vector_8
                0x000000b6                __vector_26
                0x000000b6                __vector_10
                0x000000b6                __vector_16
                0x000000b6                __vector_18
                0x000000b6                __vector_20
                0x000000ba                . = ALIGN (0x2)
 *(.text.*)
 .text.a4910_init
                0x000000ba        0x4 a4910.o
                0x000000ba                a4910_init
 .text.a4910_enable
                0x000000be        0x4 a4910.o
                0x000000be                a4910_enable
 .text.__vector_27
                0x000000c2       0x60 adc.o
                0x000000c2                __vector_27
 .text.adc_init
                0x00000122       0x6e adc.o
                0x00000122                adc_init
 .text.adc_scheduler
                0x00000190       0x30 adc.o
                0x00000190                adc_scheduler
 .text.adc_goalRPM_set
                0x000001c0        0xa adc.o
                0x000001c0                adc_goalRPM_set
 .text.hall_init
                0x000001ca       0x12 hall.o
                0x000001ca                hall_init
 .text.hall_getPosition
                0x000001dc       0x3a hall.o
                0x000001dc                hall_getPosition
 .text.__vector_24
                0x00000216       0x4c hall.o
                0x00000216                __vector_24
 .text.__vector_23
                0x00000262       0x66 hall.o
                0x00000262                __vector_23
 .text.startup.main
                0x000002c8       0x48 main.o
                0x000002c8                main
 .text.motor_state_get
                0x00000310        0x6 motor.o
                0x00000310                motor_state_get
 .text.motor_init
                0x00000316       0x1a motor.o
                0x00000316                motor_init
 .text.motor_run
                0x00000330       0x14 motor.o
                0x00000330                motor_run
 .text.motor_direction_get
                0x00000344        0x6 motor.o
                0x00000344                motor_direction_get
 .text.pid_dutyCycle_get
                0x0000034a        0x6 pid.o
                0x0000034a                pid_dutyCycle_get
 .text.pid_dutyCycle_set
                0x00000350        0x6 pid.o
                0x00000350                pid_dutyCycle_set
 .text.pid_scheduler
                0x00000356       0x28 pid.o
                0x00000356                pid_scheduler
 .text.psc_init
                0x0000037e       0x94 psc.o
                0x0000037e                psc_init
 .text.psc_disconnectAllMOSFETs
                0x00000412       0x10 psc.o
                0x00000412                psc_disconnectAllMOSFETs
 .text.psc_commutateOutputWaveforms
                0x00000422      0x22a psc.o
                0x00000422                psc_commutateOutputWaveforms
 .text.timing_runControlLoop_get
                0x0000064c        0x6 timing.o
                0x0000064c                timing_runControlLoop_get
 .text.timing_runControlLoop_set
                0x00000652        0x6 timing.o
                0x00000652                timing_runControlLoop_set
 .text.timing_timer0_init
                0x00000658       0x12 timing.o
                0x00000658                timing_timer0_init
 .text.__vector_15
                0x0000066a       0x1e timing.o
                0x0000066a                __vector_15
 .text.timing_timer1_init
                0x00000688       0x12 timing.o
                0x00000688                timing_timer1_init
 .text.__vector_14
                0x0000069a       0x24 timing.o
                0x0000069a                __vector_14
 .text.timing_calculateRPM
                0x000006be       0x26 timing.o
                0x000006be                timing_calculateRPM
 .text.timing_measuredRPM_set
                0x000006e4        0xa timing.o
                0x000006e4                timing_measuredRPM_set
 .text.libgcc.div
                0x000006ee       0x44 c:/program files (x86)/atmel/studio/7.0/toolchain/avr8/avr8-gnu-toolchain/bin/../lib/gcc/avr/5.4.0/avr5\libgcc.a(_udivmodsi4.o)
                0x000006ee                __udivmodsi4
                0x00000732                . = ALIGN (0x2)
 *(.fini9)
 .fini9         0x00000732        0x0 c:/program files (x86)/atmel/studio/7.0/toolchain/avr8/avr8-gnu-toolchain/bin/../lib/gcc/avr/5.4.0/avr5\libgcc.a(_exit.o)
                0x00000732                _exit
                0x00000732                exit
 *(.fini9)
 *(.fini8)
 *(.fini8)
 *(.fini7)
 *(.fini7)
 *(.fini6)
 *(.fini6)
 *(.fini5)
 *(.fini5)
 *(.fini4)
 *(.fini4)
 *(.fini3)
 *(.fini3)
 *(.fini2)
 *(.fini2)
 *(.fini1)
 *(.fini1)
 *(.fini0)
 .fini0         0x00000732        0x4 c:/program files (x86)/atmel/studio/7.0/toolchain/avr8/avr8-gnu-toolchain/bin/../lib/gcc/avr/5.4.0/avr5\libgcc.a(_exit.o)
 *(.fini0)
                0x00000736                _etext = .

.data           0x00800100        0x4 load address 0x00000736
                0x00800100                PROVIDE (__data_start, .)
 *(.data)
 *(.data*)
 .data.ADC_stateMachine
                0x00800100        0x1 adc.o
                0x00800100                ADC_stateMachine
 .data.motorDirection
                0x00800101        0x1 motor.o
                0x00800101                motorDirection
 .data.dutyPID  0x00800102        0x1 pid.o
                0x00800102                dutyPID
 *(.gnu.linkonce.d*)
 *(.rodata)
 *(.rodata*)
 *(.gnu.linkonce.r*)
                0x00800104                . = ALIGN (0x2)
 *fill*         0x00800103        0x1 
                0x00800104                _edata = .
                0x00800104                PROVIDE (__data_end, .)

.bss            0x00800104        0xc
                0x00800104                PROVIDE (__bss_start, .)
 *(.bss)
 *(.bss*)
 .bss.ADC_hardwareStatus
                0x00800104        0x1 adc.o
                0x00800104                ADC_hardwareStatus
 .bss.goalSpeed_RPM
                0x00800105        0x2 adc.o
                0x00800105                goalSpeed_RPM
 .bss.hallB_state_previous.2079
                0x00800107        0x1 hall.o
 .bss.state_previous.2065
                0x00800108        0x1 hall.o
 .bss.numConsecutiveInvalidStates.2066
                0x00800109        0x1 hall.o
 .bss.motorStatus
                0x0080010a        0x1 motor.o
                0x0080010a                motorStatus
 .bss.timeSinceLastUpdate_PID.2083
                0x0080010b        0x2 pid.o
 .bss.motorRPM_measured
                0x0080010d        0x2 timing.o
                0x0080010d                motorRPM_measured
 .bss.runControlLoop
                0x0080010f        0x1 timing.o
                0x0080010f                runControlLoop
 *(COMMON)
                0x00800110                PROVIDE (__bss_end, .)
                0x00000736                __data_load_start = LOADADDR (.data)
                0x0000073a                __data_load_end = (__data_load_start + SIZEOF (.data))

.noinit         0x00800110        0x0
                [!provide]                PROVIDE (__noinit_start, .)
 *(.noinit*)
                [!provide]                PROVIDE (__noinit_end, .)
                0x00800110                _end = .
                [!provide]                PROVIDE (__heap_start, .)

.eeprom         0x00810000        0x0
 *(.eeprom*)
                0x00810000                __eeprom_end = .

.fuse
 *(.fuse)
 *(.lfuse)
 *(.hfuse)
 *(.efuse)

.lock
 *(.lock*)

.signature
 *(.signature*)

.user_signatures
 *(.user_signatures*)

.stab
 *(.stab)

.stabstr
 *(.stabstr)

.stab.excl
 *(.stab.excl)

.stab.exclstr
 *(.stab.exclstr)

.stab.index
 *(.stab.index)

.stab.indexstr
 *(.stab.indexstr)

.comment        0x00000000       0x30
 *(.comment)
 .comment       0x00000000       0x30 a4910.o
                                 0x31 (size before relaxing)
 .comment       0x00000030       0x31 adc.o
 .comment       0x00000030       0x31 hall.o
 .comment       0x00000030       0x31 main.o
 .comment       0x00000030       0x31 motor.o
 .comment       0x00000030       0x31 pid.o
 .comment       0x00000030       0x31 psc.o
 .comment       0x00000030       0x31 timing.o

.note.gnu.avr.deviceinfo
                0x00000000       0x40
 .note.gnu.avr.deviceinfo
                0x00000000       0x40 C:/Program Files (x86)/Atmel/Studio/7.0/Packs/Atmel/ATmega_DFP/1.4.331/gcc/dev/atmega32m1/avr5/crtatmega32m1.o

.note.gnu.build-id
 *(.note.gnu.build-id)

.debug
 *(.debug)

.line
 *(.line)

.debug_srcinfo
 *(.debug_srcinfo)

.debug_sfnames
 *(.debug_sfnames)

.debug_aranges  0x00000000      0x1f8
 *(.debug_aranges)
 .debug_aranges
                0x00000000       0x30 a4910.o
 .debug_aranges
                0x00000030       0x40 adc.o
 .debug_aranges
                0x00000070       0x38 hall.o
 .debug_aranges
                0x000000a8       0x20 main.o
 .debug_aranges
                0x000000c8       0x48 motor.o
 .debug_aranges
                0x00000110       0x50 pid.o
 .debug_aranges
                0x00000160       0x38 psc.o
 .debug_aranges
                0x00000198       0x60 timing.o

.debug_pubnames
 *(.debug_pubnames)

.debug_info     0x00000000     0x177b
 *(.debug_info .gnu.linkonce.wi.*)
 .debug_info    0x00000000      0xa40 C:/Program Files (x86)/Atmel/Studio/7.0/Packs/Atmel/ATmega_DFP/1.4.331/gcc/dev/atmega32m1/avr5/crtatmega32m1.o
 .debug_info    0x00000a40       0xb6 a4910.o
 .debug_info    0x00000af6      0x194 adc.o
 .debug_info    0x00000c8a      0x184 hall.o
 .debug_info    0x00000e0e      0x1bc main.o
 .debug_info    0x00000fca      0x219 motor.o
 .debug_info    0x000011e3      0x1ea pid.o
 .debug_info    0x000013cd      0x171 psc.o
 .debug_info    0x0000153e      0x23d timing.o

.debug_abbrev   0x00000000     0x10cb
 *(.debug_abbrev)
 .debug_abbrev  0x00000000      0x9b2 C:/Program Files (x86)/Atmel/Studio/7.0/Packs/Atmel/ATmega_DFP/1.4.331/gcc/dev/atmega32m1/avr5/crtatmega32m1.o
 .debug_abbrev  0x000009b2       0x51 a4910.o
 .debug_abbrev  0x00000a03      0x119 adc.o
 .debug_abbrev  0x00000b1c       0xc2 hall.o
 .debug_abbrev  0x00000bde       0x8e main.o
 .debug_abbrev  0x00000c6c      0x14c motor.o
 .debug_abbrev  0x00000db8      0x106 pid.o
 .debug_abbrev  0x00000ebe       0xfb psc.o
 .debug_abbrev  0x00000fb9      0x112 timing.o

.debug_line     0x00000000      0xce4
 *(.debug_line .debug_line.* .debug_line_end)
 .debug_line    0x00000000      0x151 C:/Program Files (x86)/Atmel/Studio/7.0/Packs/Atmel/ATmega_DFP/1.4.331/gcc/dev/atmega32m1/avr5/crtatmega32m1.o
 .debug_line    0x00000151       0xcc a4910.o
 .debug_line    0x0000021d      0x16f adc.o
 .debug_line    0x0000038c      0x191 hall.o
 .debug_line    0x0000051d      0x144 main.o
 .debug_line    0x00000661      0x160 motor.o
 .debug_line    0x000007c1      0x165 pid.o
 .debug_line    0x00000926      0x22e psc.o
 .debug_line    0x00000b54      0x190 timing.o

.debug_frame    0x00000000      0x3f8
 *(.debug_frame)
 .debug_frame   0x00000000       0x44 a4910.o
 .debug_frame   0x00000044       0x94 adc.o
 .debug_frame   0x000000d8       0xe4 hall.o
 .debug_frame   0x000001bc       0x24 main.o
 .debug_frame   0x000001e0       0x74 motor.o
 .debug_frame   0x00000254       0x84 pid.o
 .debug_frame   0x000002d8       0x60 psc.o
 .debug_frame   0x00000338       0xc0 timing.o

.debug_str      0x00000000      0x9bc
 *(.debug_str)
 .debug_str     0x00000000      0x3d0 C:/Program Files (x86)/Atmel/Studio/7.0/Packs/Atmel/ATmega_DFP/1.4.331/gcc/dev/atmega32m1/avr5/crtatmega32m1.o
 .debug_str     0x000003d0      0x18e a4910.o
                                0x1c7 (size before relaxing)
 .debug_str     0x0000055e       0xb5 adc.o
                                0x249 (size before relaxing)
 .debug_str     0x00000613       0xbf hall.o
                                0x268 (size before relaxing)
 .debug_str     0x000006d2       0x97 main.o
                                0x264 (size before relaxing)
 .debug_str     0x00000769       0x9e motor.o
                                0x286 (size before relaxing)
 .debug_str     0x00000807       0xd7 pid.o
                                0x2ae (size before relaxing)
 .debug_str     0x000008de       0x49 psc.o
                                0x238 (size before relaxing)
 .debug_str     0x00000927       0x95 timing.o
                                0x2bd (size before relaxing)

.debug_loc      0x00000000      0x4c7
 *(.debug_loc)
 .debug_loc     0x00000000       0xe4 adc.o
 .debug_loc     0x000000e4      0x1d8 hall.o
 .debug_loc     0x000002bc       0x35 motor.o
 .debug_loc     0x000002f1       0x74 pid.o
 .debug_loc     0x00000365       0x92 psc.o
 .debug_loc     0x000003f7       0xd0 timing.o

.debug_macinfo
 *(.debug_macinfo)

.debug_weaknames
 *(.debug_weaknames)

.debug_funcnames
 *(.debug_funcnames)

.debug_typenames
 *(.debug_typenames)

.debug_varnames
 *(.debug_varnames)

.debug_pubtypes
 *(.debug_pubtypes)

.debug_ranges   0x00000000      0x178
 *(.debug_ranges)
 .debug_ranges  0x00000000       0x20 a4910.o
 .debug_ranges  0x00000020       0x30 adc.o
 .debug_ranges  0x00000050       0x28 hall.o
 .debug_ranges  0x00000078       0x10 main.o
 .debug_ranges  0x00000088       0x38 motor.o
 .debug_ranges  0x000000c0       0x40 pid.o
 .debug_ranges  0x00000100       0x28 psc.o
 .debug_ranges  0x00000128       0x50 timing.o

.debug_macro
 *(.debug_macro)
OUTPUT(bldc_sensorless.elf elf32-avr)
LOAD linker stubs
